ConfigurationConverter\Test\Fixtures\App\src\Entity\Book:
    shortName: customShortname
    description: 'my description'
    iri: 'http://schema.org/Book'
    attributes:
        normalization_context:
            groups:
                - read
        denormalization_context:
            groups:
                - write
        deprecation_reason: 'Create a Book instead'
    graphql:
        query:
            normalization_context:
                groups:
                    - query
        create:
            normalization_context:
                groups:
                    - query
            denormalization_context:
                groups:
                    - mutation
        delete: null
    itemOperations:
        get:
            method: GET
            path: '/grimoire/{id}'
            requirements:
                id: \d+
            defaults:
                color: brown
            options:
                my_option: my_option_value
            schemes:
                - https
            host: '{subdomain}.api-platform.com'
        put:
            method: PUT
            path: '/grimoire/{id}/update'
            hydra_context:
                foo: bar
        post_publication:
            method: PUT
            path: /grimoire
            deprecation_reason: 'Retrieve a Book instead'
            sunset: 01/01/2020
    collectionOperations:
        get:
            attribute:
                filters:
                    - customShortname.GroupFilter
                    - customShortname.PropertyFilter
                    - customShortname.SearchFilter
                    - customShortname.OrderFilter
        custom:
            method: GET
            path: /MyRoute
        post: null
    properties:
        id:
            description: 'identifiant unique'
            iri: 'http://schema.org/id'
            readable: true
            writable: true
            readableLink: true
            writableLink: true
            required: true
            identifier: true
        name:
            readable: true
            writable: true
        author:
            readable: true
            subresource:
                resourceClass: ConfigurationConverter\Test\Fixtures\App\src\Entity\Dummy
                maxDepth: 1
        scribus:
            attributes:
                deprecation_reason: 'Use the author property instead'
