ConfigurationConverter\Test\Fixtures\App\src\Entity\Dummy:
    attributes: null
    graphql: null
    itemOperations: null
    collectionOperations: null
    properties:
        id:
            readable: true
            writable: true
            identifier: true
