<?xml version="1.0"?>
<container xmlns="http://symfony.com/schema/dic/services" xmlns:xsi="http://www.w3.org/2001/XMLSchema-instance" xsi:schemaLocation="http://symfony.com/schema/dic/services http://symfony.com/schema/dic/services/services-1.0.xsd">
  <services>
    <service id="Tag.OrderFilter" autowire="false" autoconfigure="false" public="false" parent="api_platform.doctrine.orm.order_filter">
      <argument key="name">
        <argument key="nulls_comparison">nulls_smallest</argument>
        <argument key="default_direction">DESC</argument>
      </argument>
      <tag name="api_platform.filter"/>
    </service>
  </services>
</container>
